\BOOKMARK [1][-]{section.1}{\376\377\000E\000x\000e\000c\000u\000t\000i\000v\000e\000\040\000S\000u\000m\000m\000a\000r\000y}{}% 1
\BOOKMARK [2][-]{subsection.1.1}{\376\377\000K\000e\000y\000\040\000F\000i\000n\000d\000i\000n\000g\000s}{section.1}% 2
\BOOKMARK [1][-]{section.2}{\376\377\000D\000a\000t\000a\000s\000e\000t\000\040\000O\000v\000e\000r\000v\000i\000e\000w\000\040\000\050\000R\000e\000q\000u\000i\000r\000e\000m\000e\000n\000t\000s\000\040\0001\000-\0003\000\051}{}% 3
\BOOKMARK [2][-]{subsection.2.1}{\376\377\000T\000o\000t\000a\000l\000\040\000S\000t\000u\000d\000e\000n\000t\000s\000\040\000a\000n\000d\000\040\000F\000e\000a\000t\000u\000r\000e\000s}{section.2}% 4
\BOOKMARK [2][-]{subsection.2.2}{\376\377\000F\000e\000a\000t\000u\000r\000e\000\040\000S\000u\000m\000m\000a\000r\000y}{section.2}% 5
\BOOKMARK [1][-]{section.3}{\376\377\000F\000e\000a\000t\000u\000r\000e\000\040\000L\000i\000s\000t\000s\000\040\000\050\000R\000e\000q\000u\000i\000r\000e\000m\000e\000n\000t\000s\000\040\0004\000-\0006\000\051}{}% 6
\BOOKMARK [2][-]{subsection.3.1}{\376\377\000A\000c\000a\000d\000e\000m\000i\000c\000\040\000F\000e\000a\000t\000u\000r\000e\000s\000\040\000\050\0001\0008\000\040\000f\000e\000a\000t\000u\000r\000e\000s\000\051}{section.3}% 7
\BOOKMARK [2][-]{subsection.3.2}{\376\377\000F\000i\000n\000a\000n\000c\000i\000a\000l\000\040\000F\000e\000a\000t\000u\000r\000e\000s\000\040\000\050\0001\0002\000\040\000f\000e\000a\000t\000u\000r\000e\000s\000\051}{section.3}% 8
\BOOKMARK [2][-]{subsection.3.3}{\376\377\000D\000e\000m\000o\000g\000r\000a\000p\000h\000i\000c\000\040\000F\000e\000a\000t\000u\000r\000e\000s\000\040\000\050\0001\0006\000\040\000f\000e\000a\000t\000u\000r\000e\000s\000\051}{section.3}% 9
\BOOKMARK [1][-]{section.4}{\376\377\000F\000e\000a\000t\000u\000r\000e\000\040\000R\000a\000n\000k\000i\000n\000g\000\040\000\050\000R\000e\000q\000u\000i\000r\000e\000m\000e\000n\000t\000\040\0007\000\051}{}% 10
\BOOKMARK [1][-]{section.5}{\376\377\000D\000r\000o\000p\000o\000u\000t\000\040\000F\000e\000a\000t\000u\000r\000e\000\040\000I\000m\000p\000o\000r\000t\000a\000n\000c\000e\000\040\000\050\000R\000e\000q\000u\000i\000r\000e\000m\000e\000n\000t\000\040\0008\000\051}{}% 11
\BOOKMARK [2][-]{subsection.5.1}{\376\377\000M\000o\000d\000e\000l\000\040\000P\000e\000r\000f\000o\000r\000m\000a\000n\000c\000e}{section.5}% 12
\BOOKMARK [2][-]{subsection.5.2}{\376\377\000T\000o\000p\000\040\000D\000r\000o\000p\000o\000u\000t\000\040\000P\000r\000e\000d\000i\000c\000t\000o\000r\000s}{section.5}% 13
\BOOKMARK [1][-]{section.6}{\376\377\000M\000u\000l\000t\000i\000-\000M\000o\000d\000e\000l\000\040\000C\000l\000a\000s\000s\000i\000f\000i\000c\000a\000t\000i\000o\000n\000\040\000\050\000R\000e\000q\000u\000i\000r\000e\000m\000e\000n\000t\000\040\0009\000\051}{}% 14
\BOOKMARK [2][-]{subsection.6.1}{\376\377\000M\000o\000d\000e\000l\000s\000\040\000T\000r\000a\000i\000n\000e\000d}{section.6}% 15
\BOOKMARK [2][-]{subsection.6.2}{\376\377\000T\000r\000a\000i\000n\000i\000n\000g\000\040\000R\000e\000s\000u\000l\000t\000s}{section.6}% 16
\BOOKMARK [1][-]{section.7}{\376\377\000C\000o\000m\000p\000r\000e\000h\000e\000n\000s\000i\000v\000e\000\040\000E\000v\000a\000l\000u\000a\000t\000i\000o\000n\000\040\000\050\000R\000e\000q\000u\000i\000r\000e\000m\000e\000n\000t\000\040\0001\0001\000\051}{}% 17
\BOOKMARK [2][-]{subsection.7.1}{\376\377\000P\000e\000r\000f\000o\000r\000m\000a\000n\000c\000e\000\040\000M\000e\000t\000r\000i\000c\000s}{section.7}% 18
\BOOKMARK [2][-]{subsection.7.2}{\376\377\0001\0000\000-\000F\000o\000l\000d\000\040\000C\000r\000o\000s\000s\000-\000V\000a\000l\000i\000d\000a\000t\000i\000o\000n\000\040\000R\000e\000s\000u\000l\000t\000s}{section.7}% 19
\BOOKMARK [2][-]{subsection.7.3}{\376\377\000C\000o\000n\000f\000u\000s\000i\000o\000n\000\040\000M\000a\000t\000r\000i\000c\000e\000s}{section.7}% 20
\BOOKMARK [2][-]{subsection.7.4}{\376\377\000R\000O\000C\000\040\000C\000u\000r\000v\000e\000s\000\040\000a\000n\000d\000\040\000A\000U\000C\000\040\000S\000c\000o\000r\000e\000s}{section.7}% 21
\BOOKMARK [2][-]{subsection.7.5}{\376\377\000P\000e\000r\000-\000C\000l\000a\000s\000s\000\040\000P\000e\000r\000f\000o\000r\000m\000a\000n\000c\000e}{section.7}% 22
\BOOKMARK [1][-]{section.8}{\376\377\000E\000x\000p\000l\000a\000i\000n\000a\000b\000l\000e\000\040\000A\000I\000\040\000\050\000R\000e\000q\000u\000i\000r\000e\000m\000e\000n\000t\000\040\0001\0000\000\051}{}% 23
\BOOKMARK [1][-]{section.9}{\376\377\000C\000o\000n\000c\000l\000u\000s\000i\000o\000n\000s\000\040\000a\000n\000d\000\040\000R\000e\000c\000o\000m\000m\000e\000n\000d\000a\000t\000i\000o\000n\000s}{}% 24
\BOOKMARK [2][-]{subsection.9.1}{\376\377\000K\000e\000y\000\040\000I\000n\000s\000i\000g\000h\000t\000s}{section.9}% 25
\BOOKMARK [2][-]{subsection.9.2}{\376\377\000R\000e\000c\000o\000m\000m\000e\000n\000d\000a\000t\000i\000o\000n\000s\000\040\000f\000o\000r\000\040\000I\000n\000t\000e\000r\000v\000e\000n\000t\000i\000o\000n}{section.9}% 26
\BOOKMARK [2][-]{subsection.9.3}{\376\377\000M\000o\000d\000e\000l\000\040\000D\000e\000p\000l\000o\000y\000m\000e\000n\000t\000\040\000R\000e\000c\000o\000m\000m\000e\000n\000d\000a\000t\000i\000o\000n}{section.9}% 27
\BOOKMARK [1][-]{appendix.A}{\376\377\000T\000e\000c\000h\000n\000i\000c\000a\000l\000\040\000D\000e\000t\000a\000i\000l\000s}{}% 28
\BOOKMARK [2][-]{subsection.A.1}{\376\377\000D\000a\000t\000a\000\040\000P\000r\000e\000p\000r\000o\000c\000e\000s\000s\000i\000n\000g}{appendix.A}% 29
\BOOKMARK [2][-]{subsection.A.2}{\376\377\000M\000o\000d\000e\000l\000\040\000H\000y\000p\000e\000r\000p\000a\000r\000a\000m\000e\000t\000e\000r\000s}{appendix.A}% 30
\BOOKMARK [2][-]{subsection.A.3}{\376\377\000S\000o\000f\000t\000w\000a\000r\000e\000\040\000E\000n\000v\000i\000r\000o\000n\000m\000e\000n\000t}{appendix.A}% 31
\BOOKMARK [1][-]{appendix.B}{\376\377\000A\000l\000l\000\040\000A\000n\000a\000l\000y\000s\000i\000s\000\040\000O\000u\000t\000p\000u\000t\000s}{}% 32
\BOOKMARK [2][-]{subsection.B.1}{\376\377\000G\000e\000n\000e\000r\000a\000t\000e\000d\000\040\000F\000i\000l\000e\000s}{appendix.B}% 33
