\BOOKMARK [1][-]{section.1}{\376\377\000I\000n\000t\000r\000o\000d\000u\000c\000t\000i\000o\000n}{}% 1
\BOOKMARK [1][-]{section.2}{\376\377\000R\000e\000l\000a\000t\000e\000d\000\040\000W\000o\000r\000k}{}% 2
\BOOKMARK [1][-]{section.3}{\376\377\000D\000a\000t\000a\000s\000e\000t\000\040\000D\000e\000s\000c\000r\000i\000p\000t\000i\000o\000n}{}% 3
\BOOKMARK [2][-]{subsection.3.1}{\376\377\000D\000a\000t\000a\000s\000e\000t\000\040\000O\000v\000e\000r\000v\000i\000e\000w}{section.3}% 4
\BOOKMARK [2][-]{subsection.3.2}{\376\377\000F\000e\000a\000t\000u\000r\000e\000\040\000C\000a\000t\000e\000g\000o\000r\000i\000z\000a\000t\000i\000o\000n}{section.3}% 5
\BOOKMARK [3][-]{subsubsection.3.2.1}{\376\377\000A\000c\000a\000d\000e\000m\000i\000c\000\040\000F\000e\000a\000t\000u\000r\000e\000s\000\040\000\050\0001\0008\000\040\000F\000e\000a\000t\000u\000r\000e\000s\000\051}{subsection.3.2}% 6
\BOOKMARK [3][-]{subsubsection.3.2.2}{\376\377\000F\000i\000n\000a\000n\000c\000i\000a\000l\000\040\000F\000e\000a\000t\000u\000r\000e\000s\000\040\000\050\0001\0002\000\040\000F\000e\000a\000t\000u\000r\000e\000s\000\051}{subsection.3.2}% 7
\BOOKMARK [3][-]{subsubsection.3.2.3}{\376\377\000D\000e\000m\000o\000g\000r\000a\000p\000h\000i\000c\000\040\000F\000e\000a\000t\000u\000r\000e\000s\000\040\000\050\0001\0006\000\040\000F\000e\000a\000t\000u\000r\000e\000s\000\051}{subsection.3.2}% 8
\BOOKMARK [2][-]{subsection.3.3}{\376\377\000D\000a\000t\000a\000\040\000P\000r\000e\000p\000r\000o\000c\000e\000s\000s\000i\000n\000g}{section.3}% 9
\BOOKMARK [2][-]{subsection.3.4}{\376\377\000D\000a\000t\000a\000\040\000Q\000u\000a\000l\000i\000t\000y\000\040\000a\000n\000d\000\040\000V\000a\000l\000i\000d\000a\000t\000i\000o\000n}{section.3}% 10
\BOOKMARK [1][-]{section.4}{\376\377\000F\000e\000a\000t\000u\000r\000e\000\040\000R\000a\000n\000k\000i\000n\000g\000\040\000M\000e\000t\000h\000o\000d\000o\000l\000o\000g\000y}{}% 11
\BOOKMARK [2][-]{subsection.4.1}{\376\377\000I\000n\000f\000o\000r\000m\000a\000t\000i\000o\000n\000\040\000G\000a\000i\000n}{section.4}% 12
\BOOKMARK [2][-]{subsection.4.2}{\376\377\000G\000a\000i\000n\000\040\000R\000a\000t\000i\000o}{section.4}% 13
\BOOKMARK [2][-]{subsection.4.3}{\376\377\000G\000i\000n\000i\000\040\000I\000n\000d\000e\000x}{section.4}% 14
\BOOKMARK [2][-]{subsection.4.4}{\376\377\000C\000h\000i\000-\000s\000q\000u\000a\000r\000e\000d\000\040\000T\000e\000s\000t}{section.4}% 15
\BOOKMARK [2][-]{subsection.4.5}{\376\377\000A\000N\000O\000V\000A\000\040\000F\000-\000S\000t\000a\000t\000i\000s\000t\000i\000c}{section.4}% 16
\BOOKMARK [2][-]{subsection.4.6}{\376\377\000M\000e\000t\000a\000-\000R\000a\000n\000k\000i\000n\000g\000\040\000A\000g\000g\000r\000e\000g\000a\000t\000i\000o\000n}{section.4}% 17
\BOOKMARK [1][-]{section.5}{\376\377\000B\000a\000s\000e\000l\000i\000n\000e\000\040\000M\000o\000d\000e\000l\000s}{}% 18
\BOOKMARK [2][-]{subsection.5.1}{\376\377\000S\000i\000n\000g\000l\000e\000\040\000C\000l\000a\000s\000s\000i\000f\000i\000e\000r\000s}{section.5}% 19
\BOOKMARK [3][-]{subsubsection.5.1.1}{\376\377\000D\000e\000c\000i\000s\000i\000o\000n\000\040\000T\000r\000e\000e\000\040\000\050\000D\000T\000\051}{subsection.5.1}% 20
\BOOKMARK [3][-]{subsubsection.5.1.2}{\376\377\000N\000a\000i\000v\000e\000\040\000B\000a\000y\000e\000s\000\040\000\050\000N\000B\000\051}{subsection.5.1}% 21
\BOOKMARK [2][-]{subsection.5.2}{\376\377\000E\000n\000s\000e\000m\000b\000l\000e\000\040\000M\000e\000t\000h\000o\000d\000s}{section.5}% 22
\BOOKMARK [3][-]{subsubsection.5.2.1}{\376\377\000R\000a\000n\000d\000o\000m\000\040\000F\000o\000r\000e\000s\000t\000\040\000\050\000R\000F\000\051}{subsection.5.2}% 23
\BOOKMARK [3][-]{subsubsection.5.2.2}{\376\377\000A\000d\000a\000B\000o\000o\000s\000t}{subsection.5.2}% 24
\BOOKMARK [3][-]{subsubsection.5.2.3}{\376\377\000X\000G\000B\000o\000o\000s\000t}{subsection.5.2}% 25
\BOOKMARK [2][-]{subsection.5.3}{\376\377\000D\000e\000e\000p\000\040\000L\000e\000a\000r\000n\000i\000n\000g}{section.5}% 26
\BOOKMARK [3][-]{subsubsection.5.3.1}{\376\377\000N\000e\000u\000r\000a\000l\000\040\000N\000e\000t\000w\000o\000r\000k\000\040\000\050\000N\000N\000\051}{subsection.5.3}% 27
\BOOKMARK [1][-]{section.6}{\376\377\000P\000r\000o\000p\000o\000s\000e\000d\000\040\000A\000H\000F\000S\000-\000T\000A\000\040\000F\000r\000a\000m\000e\000w\000o\000r\000k}{}% 28
\BOOKMARK [2][-]{subsection.6.1}{\376\377\000F\000r\000a\000m\000e\000w\000o\000r\000k\000\040\000O\000v\000e\000r\000v\000i\000e\000w\000\040\000a\000n\000d\000\040\000W\000o\000r\000k\000i\000n\000g\000\040\000M\000e\000c\000h\000a\000n\000i\000s\000m}{section.6}% 29
\BOOKMARK [2][-]{subsection.6.2}{\376\377\000D\000e\000t\000a\000i\000l\000e\000d\000\040\000F\000r\000a\000m\000e\000w\000o\000r\000k\000\040\000A\000r\000c\000h\000i\000t\000e\000c\000t\000u\000r\000e}{section.6}% 30
\BOOKMARK [2][-]{subsection.6.3}{\376\377\000C\000o\000m\000p\000o\000n\000e\000n\000t\000\040\0001\000:\000\040\000L\000L\000M\000-\000B\000a\000s\000e\000d\000\040\000S\000e\000m\000a\000n\000t\000i\000c\000\040\000F\000e\000a\000t\000u\000r\000e\000\040\000E\000x\000t\000r\000a\000c\000t\000i\000o\000n}{section.6}% 31
\BOOKMARK [2][-]{subsection.6.4}{\376\377\000C\000o\000m\000p\000o\000n\000e\000n\000t\000\040\0002\000:\000\040\000T\000e\000m\000p\000o\000r\000a\000l\000\040\000A\000t\000t\000e\000n\000t\000i\000o\000n\000\040\000N\000e\000t\000w\000o\000r\000k}{section.6}% 32
\BOOKMARK [3][-]{subsubsection.6.4.1}{\376\377\000B\000i\000d\000i\000r\000e\000c\000t\000i\000o\000n\000a\000l\000\040\000G\000R\000U}{subsection.6.4}% 33
\BOOKMARK [3][-]{subsubsection.6.4.2}{\376\377\000M\000u\000l\000t\000i\000-\000H\000e\000a\000d\000\040\000A\000t\000t\000e\000n\000t\000i\000o\000n}{subsection.6.4}% 34
\BOOKMARK [2][-]{subsection.6.5}{\376\377\000C\000o\000m\000p\000o\000n\000e\000n\000t\000\040\0003\000:\000\040\000A\000d\000a\000p\000t\000i\000v\000e\000\040\000H\000i\000e\000r\000a\000r\000c\000h\000i\000c\000a\000l\000\040\000F\000e\000a\000t\000u\000r\000e\000\040\000S\000e\000l\000e\000c\000t\000i\000o\000n}{section.6}% 35
\BOOKMARK [3][-]{subsubsection.6.5.1}{\376\377\000S\000t\000r\000e\000a\000m\000\040\0001\000:\000\040\000S\000H\000A\000P\000-\000B\000a\000s\000e\000d\000\040\000R\000a\000n\000k\000i\000n\000g}{subsection.6.5}% 36
\BOOKMARK [3][-]{subsubsection.6.5.2}{\376\377\000S\000t\000r\000e\000a\000m\000\040\0002\000:\000\040\000L\000L\000M\000\040\000A\000t\000t\000e\000n\000t\000i\000o\000n\000\040\000R\000a\000n\000k\000i\000n\000g}{subsection.6.5}% 37
\BOOKMARK [3][-]{subsubsection.6.5.3}{\376\377\000S\000t\000r\000e\000a\000m\000\040\0003\000:\000\040\000T\000e\000m\000p\000o\000r\000a\000l\000\040\000S\000i\000g\000n\000i\000f\000i\000c\000a\000n\000c\000e\000\040\000R\000a\000n\000k\000i\000n\000g}{subsection.6.5}% 38
\BOOKMARK [3][-]{subsubsection.6.5.4}{\376\377\000W\000e\000i\000g\000h\000t\000e\000d\000\040\000F\000u\000s\000i\000o\000n}{subsection.6.5}% 39
\BOOKMARK [2][-]{subsection.6.6}{\376\377\000C\000o\000m\000p\000o\000n\000e\000n\000t\000\040\0004\000:\000\040\000C\000l\000a\000s\000s\000i\000f\000i\000c\000a\000t\000i\000o\000n\000\040\000a\000n\000d\000\040\000T\000r\000a\000i\000n\000i\000n\000g}{section.6}% 40
\BOOKMARK [2][-]{subsection.6.7}{\376\377\000I\000m\000p\000l\000e\000m\000e\000n\000t\000a\000t\000i\000o\000n\000-\000T\000h\000e\000o\000r\000y\000\040\000A\000l\000i\000g\000n\000m\000e\000n\000t}{section.6}% 41
\BOOKMARK [1][-]{section.7}{\376\377\000E\000x\000p\000e\000r\000i\000m\000e\000n\000t\000a\000l\000\040\000S\000e\000t\000u\000p}{}% 42
\BOOKMARK [2][-]{subsection.7.1}{\376\377\000I\000m\000p\000l\000e\000m\000e\000n\000t\000a\000t\000i\000o\000n\000\040\000D\000e\000t\000a\000i\000l\000s}{section.7}% 43
\BOOKMARK [2][-]{subsection.7.2}{\376\377\000H\000y\000p\000e\000r\000p\000a\000r\000a\000m\000e\000t\000e\000r\000\040\000T\000u\000n\000i\000n\000g}{section.7}% 44
\BOOKMARK [2][-]{subsection.7.3}{\376\377\000E\000v\000a\000l\000u\000a\000t\000i\000o\000n\000\040\000M\000e\000t\000r\000i\000c\000s}{section.7}% 45
\BOOKMARK [2][-]{subsection.7.4}{\376\377\000S\000t\000a\000t\000i\000s\000t\000i\000c\000a\000l\000\040\000S\000i\000g\000n\000i\000f\000i\000c\000a\000n\000c\000e\000\040\000T\000e\000s\000t\000i\000n\000g}{section.7}% 46
\BOOKMARK [2][-]{subsection.7.5}{\376\377\000C\000o\000m\000p\000u\000t\000a\000t\000i\000o\000n\000a\000l\000\040\000E\000f\000f\000i\000c\000i\000e\000n\000c\000y}{section.7}% 47
\BOOKMARK [1][-]{section.8}{\376\377\000R\000e\000s\000u\000l\000t\000s\000\040\000a\000n\000d\000\040\000A\000n\000a\000l\000y\000s\000i\000s}{}% 48
\BOOKMARK [2][-]{subsection.8.1}{\376\377\000O\000v\000e\000r\000a\000l\000l\000\040\000P\000e\000r\000f\000o\000r\000m\000a\000n\000c\000e\000\040\000C\000o\000m\000p\000a\000r\000i\000s\000o\000n}{section.8}% 49
\BOOKMARK [2][-]{subsection.8.2}{\376\377\000P\000e\000r\000-\000C\000l\000a\000s\000s\000\040\000P\000e\000r\000f\000o\000r\000m\000a\000n\000c\000e\000\040\000A\000n\000a\000l\000y\000s\000i\000s}{section.8}% 50
\BOOKMARK [2][-]{subsection.8.3}{\376\377\000C\000o\000n\000f\000u\000s\000i\000o\000n\000\040\000M\000a\000t\000r\000i\000x\000\040\000A\000n\000a\000l\000y\000s\000i\000s}{section.8}% 51
\BOOKMARK [2][-]{subsection.8.4}{\376\377\000R\000O\000C\000\040\000C\000u\000r\000v\000e\000\040\000A\000n\000a\000l\000y\000s\000i\000s}{section.8}% 52
\BOOKMARK [2][-]{subsection.8.5}{\376\377\000I\000m\000p\000r\000o\000v\000e\000m\000e\000n\000t\000\040\000A\000n\000a\000l\000y\000s\000i\000s}{section.8}% 53
\BOOKMARK [1][-]{section.9}{\376\377\000E\000x\000p\000l\000a\000i\000n\000a\000b\000l\000e\000\040\000A\000I\000\040\000A\000n\000a\000l\000y\000s\000i\000s}{}% 54
\BOOKMARK [2][-]{subsection.9.1}{\376\377\000S\000H\000A\000P\000\040\000F\000e\000a\000t\000u\000r\000e\000\040\000I\000m\000p\000o\000r\000t\000a\000n\000c\000e}{section.9}% 55
\BOOKMARK [2][-]{subsection.9.2}{\376\377\000C\000r\000o\000s\000s\000-\000M\000o\000d\000e\000l\000\040\000S\000H\000A\000P\000\040\000C\000o\000n\000s\000i\000s\000t\000e\000n\000c\000y}{section.9}% 56
\BOOKMARK [2][-]{subsection.9.3}{\376\377\000A\000t\000t\000e\000n\000t\000i\000o\000n\000\040\000W\000e\000i\000g\000h\000t\000\040\000A\000n\000a\000l\000y\000s\000i\000s\000\040\000\050\000A\000H\000F\000S\000-\000T\000A\000\051}{section.9}% 57
\BOOKMARK [2][-]{subsection.9.4}{\376\377\000A\000b\000l\000a\000t\000i\000o\000n\000\040\000S\000t\000u\000d\000y}{section.9}% 58
\BOOKMARK [1][-]{section.10}{\376\377\000D\000i\000s\000c\000u\000s\000s\000i\000o\000n}{}% 59
\BOOKMARK [2][-]{subsection.10.1}{\376\377\000W\000h\000y\000\040\000A\000H\000F\000S\000-\000T\000A\000\040\000O\000u\000t\000p\000e\000r\000f\000o\000r\000m\000s\000\040\000B\000a\000s\000e\000l\000i\000n\000e\000s}{section.10}% 60
\BOOKMARK [2][-]{subsection.10.2}{\376\377\000P\000r\000a\000c\000t\000i\000c\000a\000l\000\040\000I\000m\000p\000l\000i\000c\000a\000t\000i\000o\000n\000s}{section.10}% 61
\BOOKMARK [2][-]{subsection.10.3}{\376\377\000L\000i\000m\000i\000t\000a\000t\000i\000o\000n\000s}{section.10}% 62
\BOOKMARK [2][-]{subsection.10.4}{\376\377\000F\000u\000t\000u\000r\000e\000\040\000D\000i\000r\000e\000c\000t\000i\000o\000n\000s}{section.10}% 63
\BOOKMARK [1][-]{section.11}{\376\377\000C\000o\000n\000c\000l\000u\000s\000i\000o\000n}{}% 64
\BOOKMARK [1][-]{section*.25}{\376\377\000R\000e\000f\000e\000r\000e\000n\000c\000e\000s}{}% 65
